
> agenthub@0.1.0 build
> next build

   Ôû▓ Next.js 15.1.3

   Creating an optimized production build ...
 Ô£ô Compiled successfully
   Linting and checking validity of types ...
